\BOOKMARK [1][-]{section.1}{\376\377\137\025\212\000}{}% 1
\BOOKMARK [1][-]{section.2}{\376\377\170\024\172\166\123\072\116\016\145\160\143\156}{}% 2
\BOOKMARK [2][-]{subsection.2.1}{\376\377\170\024\172\166\123\072\151\202\121\265\116\016\133\236\232\214\213\276\213\241}{section.2}% 3
\BOOKMARK [2][-]{subsection.2.2}{\376\377\145\160\143\156\226\306\116\016\230\204\131\004\164\006}{section.2}% 4
\BOOKMARK [3][-]{subsubsection.2.2.1}{\376\377\116\000\226\066\137\256\122\006}{subsection.2.2}% 5
\BOOKMARK [3][-]{subsubsection.2.2.2}{\376\377\217\336\176\355\176\337\123\273\226\144}{subsection.2.2}% 6
\BOOKMARK [3][-]{subsubsection.2.2.3}{\376\377\154\342\153\265\153\324\120\074}{subsection.2.2}% 7
\BOOKMARK [1][-]{section.3}{\376\377\145\271\154\325}{}% 8
\BOOKMARK [2][-]{subsection.3.1}{\376\377\124\310\221\314\145\257\236\160\117\030\123\026\173\227\154\325}{section.3}% 9
\BOOKMARK [3][-]{subsubsection.3.1.1}{\376\377\220\003\220\070\200\375\221\317}{subsection.3.1}% 10
\BOOKMARK [3][-]{subsubsection.3.1.2}{\376\377\143\242\175\042\226\066\153\265}{subsection.3.1}% 11
\BOOKMARK [3][-]{subsubsection.3.1.3}{\376\377\137\000\123\321\226\066\153\265}{subsection.3.1}% 12
\BOOKMARK [2][-]{subsection.3.2}{\376\377\201\352\220\002\136\224\217\271\165\114\124\310\221\314\145\257\236\160\117\030\123\026}{section.3}% 13
\BOOKMARK [3][-]{subsubsection.3.2.1}{\376\377\122\035\131\313\123\026\173\126\165\145}{subsection.3.2}% 14
\BOOKMARK [3][-]{subsubsection.3.2.2}{\376\377\137\000\123\321\173\126\165\145}{subsection.3.2}% 15
\BOOKMARK [3][-]{subsubsection.3.2.3}{\376\377\220\002\136\224\136\246\213\241\173\227}{subsection.3.2}% 16
\BOOKMARK [2][-]{subsection.3.3}{\376\377\133\371\153\324\173\227\154\325}{section.3}% 17
\BOOKMARK [3][-]{subsubsection.3.3.1}{\376\377\116\073\142\020\122\006\122\006\147\220}{subsection.3.3}% 18
\BOOKMARK [3][-]{subsubsection.3.3.2}{\376\377\123\330\221\317\221\315\211\201\140\047\142\225\137\161}{subsection.3.3}% 19
\BOOKMARK [3][-]{subsubsection.3.3.3}{\376\377\220\127\117\040\173\227\154\325}{subsection.3.3}% 20
\BOOKMARK [3][-]{subsubsection.3.3.4}{\376\377\172\336\116\211\140\047\201\352\220\002\136\224\221\315\122\240\147\103\221\307\150\067}{subsection.3.3}% 21
\BOOKMARK [2][-]{subsection.3.4}{\376\377\136\372\152\041\145\271\154\325}{section.3}% 22
\BOOKMARK [3][-]{subsubsection.3.4.1}{\376\377\120\117\147\000\134\017\116\214\116\130\126\336\137\122}{subsection.3.4}% 23
\BOOKMARK [3][-]{subsubsection.3.4.2}{\376\377\145\057\143\001\124\021\221\317\147\072}{subsection.3.4}% 24
\BOOKMARK [3][-]{subsubsection.3.4.3}{\376\377\226\217\147\072\150\356\147\227}{subsection.3.4}% 25
\BOOKMARK [2][-]{subsection.3.5}{\376\377\136\372\152\041\213\304\116\367}{section.3}% 26
\BOOKMARK [1][-]{section.4}{\376\377\176\323\147\234\116\016\213\250\213\272}{}% 27
\BOOKMARK [2][-]{subsection.4.1}{\376\377\136\372\152\041\176\323\147\234}{section.4}% 28
\BOOKMARK [2][-]{subsection.4.2}{\376\377\121\111\214\061\162\171\137\201\122\006\147\220}{section.4}% 29
\BOOKMARK [2][-]{subsection.4.3}{\376\377\145\340\116\272\147\072\232\330\121\111\214\061\137\161\120\317\123\315\157\024\176\323\147\234}{section.4}% 30
\BOOKMARK [2][-]{subsection.4.4}{\376\377\116\015\215\263\116\016\134\125\147\033}{section.4}% 31
\BOOKMARK [1][-]{section.5}{\376\377\176\323\213\272}{}% 32
